// Jest Snapshot v1, https://goo.gl/fbAQLP

exports[`Navbar correct render of Navbar 1`] = `
Object {
  "asFragment": [Function],
  "baseElement": <body>
    <div>
      <header
        class="nav-div"
      >
        <section
          class="logo-div"
        >
          <img
            alt="Space Hub Logo"
            class="space-hub-logo"
            src="planet.png"
          />
          <h1
            class="logo"
          >
            Space Travelers' Hub
          </h1>
        </section>
        <nav
          class="nav-links"
        >
          <a
            activeclassname="active-link"
            aria-current="page"
            class="active"
            href="/"
          >
            Rockets
          </a>
          <a
            activeclassname="active-link"
            class=""
            href="/missions"
          >
            Missions
          </a>
          <a
            activeclassname="active-link"
            class=""
            href="/profile"
          >
            My Profile
          </a>
        </nav>
      </header>
    </div>
  </body>,
  "container": <div>
    <header
      class="nav-div"
    >
      <section
        class="logo-div"
      >
        <img
          alt="Space Hub Logo"
          class="space-hub-logo"
          src="planet.png"
        />
        <h1
          class="logo"
        >
          Space Travelers' Hub
        </h1>
      </section>
      <nav
        class="nav-links"
      >
        <a
          activeclassname="active-link"
          aria-current="page"
          class="active"
          href="/"
        >
          Rockets
        </a>
        <a
          activeclassname="active-link"
          class=""
          href="/missions"
        >
          Missions
        </a>
        <a
          activeclassname="active-link"
          class=""
          href="/profile"
        >
          My Profile
        </a>
      </nav>
    </header>
  </div>,
  "debug": [Function],
  "findAllByAltText": [Function],
  "findAllByDisplayValue": [Function],
  "findAllByLabelText": [Function],
  "findAllByPlaceholderText": [Function],
  "findAllByRole": [Function],
  "findAllByTestId": [Function],
  "findAllByText": [Function],
  "findAllByTitle": [Function],
  "findByAltText": [Function],
  "findByDisplayValue": [Function],
  "findByLabelText": [Function],
  "findByPlaceholderText": [Function],
  "findByRole": [Function],
  "findByTestId": [Function],
  "findByText": [Function],
  "findByTitle": [Function],
  "getAllByAltText": [Function],
  "getAllByDisplayValue": [Function],
  "getAllByLabelText": [Function],
  "getAllByPlaceholderText": [Function],
  "getAllByRole": [Function],
  "getAllByTestId": [Function],
  "getAllByText": [Function],
  "getAllByTitle": [Function],
  "getByAltText": [Function],
  "getByDisplayValue": [Function],
  "getByLabelText": [Function],
  "getByPlaceholderText": [Function],
  "getByRole": [Function],
  "getByTestId": [Function],
  "getByText": [Function],
  "getByTitle": [Function],
  "queryAllByAltText": [Function],
  "queryAllByDisplayValue": [Function],
  "queryAllByLabelText": [Function],
  "queryAllByPlaceholderText": [Function],
  "queryAllByRole": [Function],
  "queryAllByTestId": [Function],
  "queryAllByText": [Function],
  "queryAllByTitle": [Function],
  "queryByAltText": [Function],
  "queryByDisplayValue": [Function],
  "queryByLabelText": [Function],
  "queryByPlaceholderText": [Function],
  "queryByRole": [Function],
  "queryByTestId": [Function],
  "queryByText": [Function],
  "queryByTitle": [Function],
  "rerender": [Function],
  "unmount": [Function],
}
`;
